
===========================================================================
report_checks -path_delay max (Setup)
============================================================================
======================= max_ff_n40C_1v95 Corner ===================================

Startpoint: detector_in[1] (input port clocked by __VIRTUAL_CLK__)
Endpoint: phase_map_out[1] (output port clocked by __VIRTUAL_CLK__)
Path Group: __VIRTUAL_CLK__
Path Type: max

Fanout         Cap        Slew       Delay        Time   Description
---------------------------------------------------------------------------------------------
                      0.000000    0.000000    0.000000   clock __VIRTUAL_CLK__ (rise edge)
                                  0.000000    0.000000   clock network delay (ideal)
                                  2.000000    2.000000 v input external delay
                      0.004405    0.002130    2.002130 v detector_in[1] (in)
     1    0.002589                                       detector_in[1] (net)
                      0.004411    0.000000    2.002130 v input2/A (sky130_fd_sc_hd__buf_1)
                      0.037538    0.063274    2.065405 v input2/X (sky130_fd_sc_hd__buf_1)
     2    0.008133                                       net2 (net)
                      0.037548    0.000509    2.065914 v _4_/B (sky130_fd_sc_hd__or2_1)
                      0.030313    0.117570    2.183484 v _4_/X (sky130_fd_sc_hd__or2_1)
     1    0.002232                                       _1_ (net)
                      0.030313    0.000102    2.183586 v _5_/A (sky130_fd_sc_hd__clkbuf_1)
                      0.019238    0.056935    2.240521 v _5_/X (sky130_fd_sc_hd__clkbuf_1)
     1    0.003015                                       net4 (net)
                      0.019242    0.000195    2.240716 v output4/A (sky130_fd_sc_hd__buf_2)
                      0.062626    0.112223    2.352940 v output4/X (sky130_fd_sc_hd__buf_2)
     1    0.034161                                       phase_map_out[1] (net)
                      0.062690    0.001667    2.354607 v phase_map_out[1] (out)
                                              2.354607   data arrival time

                      0.000000   10.000000   10.000000   clock __VIRTUAL_CLK__ (rise edge)
                                  0.000000   10.000000   clock network delay (ideal)
                                 -0.250000    9.750000   clock uncertainty
                                  0.000000    9.750000   clock reconvergence pessimism
                                 -2.000000    7.750000   output external delay
                                              7.750000   data required time
---------------------------------------------------------------------------------------------
                                              7.750000   data required time
                                             -2.354607   data arrival time
---------------------------------------------------------------------------------------------
                                              5.395393   slack (MET)


Startpoint: detector_in[1] (input port clocked by __VIRTUAL_CLK__)
Endpoint: phase_map_out[0] (output port clocked by __VIRTUAL_CLK__)
Path Group: __VIRTUAL_CLK__
Path Type: max

Fanout         Cap        Slew       Delay        Time   Description
---------------------------------------------------------------------------------------------
                      0.000000    0.000000    0.000000   clock __VIRTUAL_CLK__ (rise edge)
                                  0.000000    0.000000   clock network delay (ideal)
                                  2.000000    2.000000 ^ input external delay
                      0.013835    0.007219    2.007219 ^ detector_in[1] (in)
     1    0.002777                                       detector_in[1] (net)
                      0.013837    0.000000    2.007219 ^ input2/A (sky130_fd_sc_hd__buf_1)
                      0.079918    0.081006    2.088225 ^ input2/X (sky130_fd_sc_hd__buf_1)
     2    0.008504                                       net2 (net)
                      0.079922    0.000464    2.088689 ^ _2_/A (sky130_fd_sc_hd__clkbuf_1)
                      0.030239    0.056027    2.144717 ^ _2_/X (sky130_fd_sc_hd__clkbuf_1)
     1    0.002488                                       _0_ (net)
                      0.030240    0.000115    2.144831 ^ _3_/A (sky130_fd_sc_hd__clkbuf_1)
                      0.037595    0.055532    2.200364 ^ _3_/X (sky130_fd_sc_hd__clkbuf_1)
     1    0.003466                                       net3 (net)
                      0.037597    0.000218    2.200583 ^ output3/A (sky130_fd_sc_hd__clkbuf_4)
                      0.085254    0.127581    2.328163 ^ output3/X (sky130_fd_sc_hd__clkbuf_4)
     1    0.034842                                       phase_map_out[0] (net)
                      0.085310    0.001780    2.329943 ^ phase_map_out[0] (out)
                                              2.329943   data arrival time

                      0.000000   10.000000   10.000000   clock __VIRTUAL_CLK__ (rise edge)
                                  0.000000   10.000000   clock network delay (ideal)
                                 -0.250000    9.750000   clock uncertainty
                                  0.000000    9.750000   clock reconvergence pessimism
                                 -2.000000    7.750000   output external delay
                                              7.750000   data required time
---------------------------------------------------------------------------------------------
                                              7.750000   data required time
                                             -2.329943   data arrival time
---------------------------------------------------------------------------------------------
                                              5.420057   slack (MET)
