
===========================================================================
report_checks -path_delay min (Hold)
============================================================================
======================= max_ff_n40C_1v95 Corner ===================================

Startpoint: detector_in[1] (input port clocked by __VIRTUAL_CLK__)
Endpoint: phase_map_out[0] (output port clocked by __VIRTUAL_CLK__)
Path Group: __VIRTUAL_CLK__
Path Type: min

Fanout         Cap        Slew       Delay        Time   Description
---------------------------------------------------------------------------------------------
                      0.000000    0.000000    0.000000   clock __VIRTUAL_CLK__ (rise edge)
                                  0.000000    0.000000   clock network delay (ideal)
                                  2.000000    2.000000 v input external delay
                      0.004405    0.002130    2.002130 v detector_in[1] (in)
     1    0.002589                                       detector_in[1] (net)
                      0.004411    0.000000    2.002130 v input2/A (sky130_fd_sc_hd__buf_1)
                      0.037538    0.063274    2.065405 v input2/X (sky130_fd_sc_hd__buf_1)
     2    0.008133                                       net2 (net)
                      0.037545    0.000439    2.065843 v _2_/A (sky130_fd_sc_hd__clkbuf_1)
                      0.016773    0.057256    2.123099 v _2_/X (sky130_fd_sc_hd__clkbuf_1)
     1    0.002302                                       _0_ (net)
                      0.016774    0.000106    2.123204 v _3_/A (sky130_fd_sc_hd__clkbuf_1)
                      0.019865    0.052448    2.175653 v _3_/X (sky130_fd_sc_hd__clkbuf_1)
     1    0.003222                                       net3 (net)
                      0.019869    0.000198    2.175850 v output3/A (sky130_fd_sc_hd__clkbuf_4)
                      0.057310    0.118344    2.294194 v output3/X (sky130_fd_sc_hd__clkbuf_4)
     1    0.034842                                       phase_map_out[0] (net)
                      0.057392    0.001777    2.295971 v phase_map_out[0] (out)
                                              2.295971   data arrival time

                      0.000000    0.000000    0.000000   clock __VIRTUAL_CLK__ (rise edge)
                                  0.000000    0.000000   clock network delay (ideal)
                                  0.250000    0.250000   clock uncertainty
                                  0.000000    0.250000   clock reconvergence pessimism
                                 -2.000000   -1.750000   output external delay
                                             -1.750000   data required time
---------------------------------------------------------------------------------------------
                                             -1.750000   data required time
                                             -2.295971   data arrival time
---------------------------------------------------------------------------------------------
                                              4.045971   slack (MET)


Startpoint: detector_in[0] (input port clocked by __VIRTUAL_CLK__)
Endpoint: phase_map_out[1] (output port clocked by __VIRTUAL_CLK__)
Path Group: __VIRTUAL_CLK__
Path Type: min

Fanout         Cap        Slew       Delay        Time   Description
---------------------------------------------------------------------------------------------
                      0.000000    0.000000    0.000000   clock __VIRTUAL_CLK__ (rise edge)
                                  0.000000    0.000000   clock network delay (ideal)
                                  2.000000    2.000000 ^ input external delay
                      0.017344    0.009809    2.009809 ^ detector_in[0] (in)
     1    0.003759                                       detector_in[0] (net)
                      0.017346    0.000000    2.009809 ^ input1/A (sky130_fd_sc_hd__clkbuf_1)
                      0.034811    0.050587    2.060396 ^ input1/X (sky130_fd_sc_hd__clkbuf_1)
     1    0.003130                                       net1 (net)
                      0.034812    0.000177    2.060573 ^ _4_/A (sky130_fd_sc_hd__or2_1)
                      0.026683    0.058382    2.118954 ^ _4_/X (sky130_fd_sc_hd__or2_1)
     1    0.002418                                       _1_ (net)
                      0.026683    0.000111    2.119066 ^ _5_/A (sky130_fd_sc_hd__clkbuf_1)
                      0.035189    0.053071    2.172137 ^ _5_/X (sky130_fd_sc_hd__clkbuf_1)
     1    0.003174                                       net4 (net)
                      0.035191    0.000209    2.172346 ^ output4/A (sky130_fd_sc_hd__buf_2)
                      0.127539    0.137593    2.309938 ^ output4/X (sky130_fd_sc_hd__buf_2)
     1    0.034161                                       phase_map_out[1] (net)
                      0.127571    0.001671    2.311609 ^ phase_map_out[1] (out)
                                              2.311609   data arrival time

                      0.000000    0.000000    0.000000   clock __VIRTUAL_CLK__ (rise edge)
                                  0.000000    0.000000   clock network delay (ideal)
                                  0.250000    0.250000   clock uncertainty
                                  0.000000    0.250000   clock reconvergence pessimism
                                 -2.000000   -1.750000   output external delay
                                             -1.750000   data required time
---------------------------------------------------------------------------------------------
                                             -1.750000   data required time
                                             -2.311609   data arrival time
---------------------------------------------------------------------------------------------
                                              4.061609   slack (MET)
