
===========================================================================
report_checks -path_delay max (Setup)
============================================================================
======================= max_ss_100C_1v60 Corner ===================================

Startpoint: detector_in[1] (input port clocked by __VIRTUAL_CLK__)
Endpoint: phase_map_out[1] (output port clocked by __VIRTUAL_CLK__)
Path Group: __VIRTUAL_CLK__
Path Type: max

Fanout         Cap        Slew       Delay        Time   Description
---------------------------------------------------------------------------------------------
                      0.000000    0.000000    0.000000   clock __VIRTUAL_CLK__ (rise edge)
                                  0.000000    0.000000   clock network delay (ideal)
                                  2.000000    2.000000 v input external delay
                      0.017374    0.008379    2.008379 v detector_in[1] (in)
     1    0.002515                                       detector_in[1] (net)
                      0.017375    0.000000    2.008379 v input2/A (sky130_fd_sc_hd__buf_1)
                      0.103154    0.180756    2.189135 v input2/X (sky130_fd_sc_hd__buf_1)
     2    0.007936                                       net2 (net)
                      0.103158    0.000492    2.189628 v _4_/B (sky130_fd_sc_hd__or2_1)
                      0.090519    0.458400    2.648027 v _4_/X (sky130_fd_sc_hd__or2_1)
     1    0.002158                                       _1_ (net)
                      0.090519    0.000099    2.648126 v _5_/A (sky130_fd_sc_hd__clkbuf_1)
                      0.051631    0.170635    2.818761 v _5_/X (sky130_fd_sc_hd__clkbuf_1)
     1    0.002921                                       net4 (net)
                      0.051632    0.000187    2.818949 v output4/A (sky130_fd_sc_hd__buf_2)
                      0.165907    0.335121    3.154069 v output4/X (sky130_fd_sc_hd__buf_2)
     1    0.034161                                       phase_map_out[1] (net)
                      0.165931    0.001671    3.155740 v phase_map_out[1] (out)
                                              3.155740   data arrival time

                      0.000000   10.000000   10.000000   clock __VIRTUAL_CLK__ (rise edge)
                                  0.000000   10.000000   clock network delay (ideal)
                                 -0.250000    9.750000   clock uncertainty
                                  0.000000    9.750000   clock reconvergence pessimism
                                 -2.000000    7.750000   output external delay
                                              7.750000   data required time
---------------------------------------------------------------------------------------------
                                              7.750000   data required time
                                             -3.155740   data arrival time
---------------------------------------------------------------------------------------------
                                              4.594259   slack (MET)


Startpoint: detector_in[1] (input port clocked by __VIRTUAL_CLK__)
Endpoint: phase_map_out[0] (output port clocked by __VIRTUAL_CLK__)
Path Group: __VIRTUAL_CLK__
Path Type: max

Fanout         Cap        Slew       Delay        Time   Description
---------------------------------------------------------------------------------------------
                      0.000000    0.000000    0.000000   clock __VIRTUAL_CLK__ (rise edge)
                                  0.000000    0.000000   clock network delay (ideal)
                                  2.000000    2.000000 ^ input external delay
                      0.031218    0.015014    2.015013 ^ detector_in[1] (in)
     1    0.002644                                       detector_in[1] (net)
                      0.031218    0.000000    2.015013 ^ input2/A (sky130_fd_sc_hd__buf_1)
                      0.168394    0.203282    2.218295 ^ input2/X (sky130_fd_sc_hd__buf_1)
     2    0.008193                                       net2 (net)
                      0.168395    0.000444    2.218740 ^ _2_/A (sky130_fd_sc_hd__clkbuf_1)
                      0.065781    0.185215    2.403955 ^ _2_/X (sky130_fd_sc_hd__clkbuf_1)
     1    0.002357                                       _0_ (net)
                      0.065782    0.000108    2.404063 ^ _3_/A (sky130_fd_sc_hd__clkbuf_1)
                      0.083326    0.156837    2.560899 ^ _3_/X (sky130_fd_sc_hd__clkbuf_1)
     1    0.003428                                       net3 (net)
                      0.083327    0.000215    2.561115 ^ output3/A (sky130_fd_sc_hd__clkbuf_4)
                      0.182257    0.335740    2.896855 ^ output3/X (sky130_fd_sc_hd__clkbuf_4)
     1    0.034842                                       phase_map_out[0] (net)
                      0.182282    0.001782    2.898637 ^ phase_map_out[0] (out)
                                              2.898637   data arrival time

                      0.000000   10.000000   10.000000   clock __VIRTUAL_CLK__ (rise edge)
                                  0.000000   10.000000   clock network delay (ideal)
                                 -0.250000    9.750000   clock uncertainty
                                  0.000000    9.750000   clock reconvergence pessimism
                                 -2.000000    7.750000   output external delay
                                              7.750000   data required time
---------------------------------------------------------------------------------------------
                                              7.750000   data required time
                                             -2.898637   data arrival time
---------------------------------------------------------------------------------------------
                                              4.851364   slack (MET)
