
===========================================================================
report_checks -path_delay max (Setup)
============================================================================
======================= nom_tt_025C_1v80 Corner ===================================

Startpoint: detector_in[1] (input port clocked by __VIRTUAL_CLK__)
Endpoint: phase_map_out[1] (output port clocked by __VIRTUAL_CLK__)
Path Group: __VIRTUAL_CLK__
Path Type: max

Fanout         Cap        Slew       Delay        Time   Description
---------------------------------------------------------------------------------------------
                      0.000000    0.000000    0.000000   clock __VIRTUAL_CLK__ (rise edge)
                                  0.000000    0.000000   clock network delay (ideal)
                                  2.000000    2.000000 v input external delay
                      0.007927    0.003923    2.003923 v detector_in[1] (in)
     1    0.002497                                       detector_in[1] (net)
                      0.007927    0.000000    2.003923 v input2/A (sky130_fd_sc_hd__buf_1)
                      0.051716    0.094420    2.098343 v input2/X (sky130_fd_sc_hd__buf_1)
     2    0.007627                                       net2 (net)
                      0.051718    0.000256    2.098599 v _4_/B (sky130_fd_sc_hd__or2_1)
                      0.044373    0.198318    2.296917 v _4_/X (sky130_fd_sc_hd__or2_1)
     1    0.002170                                       _1_ (net)
                      0.044373    0.000042    2.296959 v _5_/A (sky130_fd_sc_hd__clkbuf_1)
                      0.026978    0.087496    2.384454 v _5_/X (sky130_fd_sc_hd__clkbuf_1)
     1    0.002876                                       net4 (net)
                      0.026978    0.000082    2.384537 v output4/A (sky130_fd_sc_hd__buf_2)
                      0.089332    0.172019    2.556555 v output4/X (sky130_fd_sc_hd__buf_2)
     1    0.034109                                       phase_map_out[1] (net)
                      0.089339    0.000682    2.557237 v phase_map_out[1] (out)
                                              2.557237   data arrival time

                      0.000000   10.000000   10.000000   clock __VIRTUAL_CLK__ (rise edge)
                                  0.000000   10.000000   clock network delay (ideal)
                                 -0.250000    9.750000   clock uncertainty
                                  0.000000    9.750000   clock reconvergence pessimism
                                 -2.000000    7.750000   output external delay
                                              7.750000   data required time
---------------------------------------------------------------------------------------------
                                              7.750000   data required time
                                             -2.557237   data arrival time
---------------------------------------------------------------------------------------------
                                              5.192763   slack (MET)


Startpoint: detector_in[1] (input port clocked by __VIRTUAL_CLK__)
Endpoint: phase_map_out[0] (output port clocked by __VIRTUAL_CLK__)
Path Group: __VIRTUAL_CLK__
Path Type: max

Fanout         Cap        Slew       Delay        Time   Description
---------------------------------------------------------------------------------------------
                      0.000000    0.000000    0.000000   clock __VIRTUAL_CLK__ (rise edge)
                                  0.000000    0.000000   clock network delay (ideal)
                                  2.000000    2.000000 ^ input external delay
                      0.019191    0.009872    2.009872 ^ detector_in[1] (in)
     1    0.002673                                       detector_in[1] (net)
                      0.019191    0.000000    2.009872 ^ input2/A (sky130_fd_sc_hd__buf_1)
                      0.101731    0.112849    2.122721 ^ input2/X (sky130_fd_sc_hd__buf_1)
     2    0.007978                                       net2 (net)
                      0.101732    0.000198    2.122919 ^ _2_/A (sky130_fd_sc_hd__clkbuf_1)
                      0.040559    0.092957    2.215876 ^ _2_/X (sky130_fd_sc_hd__clkbuf_1)
     1    0.002416                                       _0_ (net)
                      0.040559    0.000048    2.215924 ^ _3_/A (sky130_fd_sc_hd__clkbuf_1)
                      0.050369    0.083706    2.299630 ^ _3_/X (sky130_fd_sc_hd__clkbuf_1)
     1    0.003381                                       net3 (net)
                      0.050370    0.000098    2.299727 ^ output3/A (sky130_fd_sc_hd__clkbuf_4)
                      0.113888    0.187415    2.487142 ^ output3/X (sky130_fd_sc_hd__clkbuf_4)
     1    0.034781                                       phase_map_out[0] (net)
                      0.113897    0.000878    2.488020 ^ phase_map_out[0] (out)
                                              2.488020   data arrival time

                      0.000000   10.000000   10.000000   clock __VIRTUAL_CLK__ (rise edge)
                                  0.000000   10.000000   clock network delay (ideal)
                                 -0.250000    9.750000   clock uncertainty
                                  0.000000    9.750000   clock reconvergence pessimism
                                 -2.000000    7.750000   output external delay
                                              7.750000   data required time
---------------------------------------------------------------------------------------------
                                              7.750000   data required time
                                             -2.488020   data arrival time
---------------------------------------------------------------------------------------------
                                              5.261981   slack (MET)
