
===========================================================================
report_checks -path_delay min (Hold)
============================================================================
======================= min_ss_100C_1v60 Corner ===================================

Startpoint: detector_in[0] (input port clocked by __VIRTUAL_CLK__)
Endpoint: phase_map_out[1] (output port clocked by __VIRTUAL_CLK__)
Path Group: __VIRTUAL_CLK__
Path Type: min

Fanout         Cap        Slew       Delay        Time   Description
---------------------------------------------------------------------------------------------
                      0.000000    0.000000    0.000000   clock __VIRTUAL_CLK__ (rise edge)
                                  0.000000    0.000000   clock network delay (ideal)
                                  2.000000    2.000000 ^ input external delay
                      0.036672    0.019273    2.019273 ^ detector_in[0] (in)
     1    0.003462                                       detector_in[0] (net)
                      0.036672    0.000000    2.019273 ^ input1/A (sky130_fd_sc_hd__clkbuf_1)
                      0.071087    0.134198    2.153470 ^ input1/X (sky130_fd_sc_hd__clkbuf_1)
     1    0.002716                                       net1 (net)
                      0.071087    0.000030    2.153501 ^ _4_/A (sky130_fd_sc_hd__or2_1)
                      0.060539    0.156681    2.310181 ^ _4_/X (sky130_fd_sc_hd__or2_1)
     1    0.002271                                       _1_ (net)
                      0.060539    0.000010    2.310191 ^ _5_/A (sky130_fd_sc_hd__clkbuf_1)
                      0.073724    0.147018    2.457209 ^ _5_/X (sky130_fd_sc_hd__clkbuf_1)
     1    0.002871                                       net4 (net)
                      0.073724    0.000034    2.457242 ^ output4/A (sky130_fd_sc_hd__buf_2)
                      0.270458    0.344329    2.801572 ^ output4/X (sky130_fd_sc_hd__buf_2)
     1    0.034043                                       phase_map_out[1] (net)
                      0.270458    0.000223    2.801795 ^ phase_map_out[1] (out)
                                              2.801795   data arrival time

                      0.000000    0.000000    0.000000   clock __VIRTUAL_CLK__ (rise edge)
                                  0.000000    0.000000   clock network delay (ideal)
                                  0.250000    0.250000   clock uncertainty
                                  0.000000    0.250000   clock reconvergence pessimism
                                 -2.000000   -1.750000   output external delay
                                             -1.750000   data required time
---------------------------------------------------------------------------------------------
                                             -1.750000   data required time
                                             -2.801795   data arrival time
---------------------------------------------------------------------------------------------
                                              4.551795   slack (MET)


Startpoint: detector_in[1] (input port clocked by __VIRTUAL_CLK__)
Endpoint: phase_map_out[0] (output port clocked by __VIRTUAL_CLK__)
Path Group: __VIRTUAL_CLK__
Path Type: min

Fanout         Cap        Slew       Delay        Time   Description
---------------------------------------------------------------------------------------------
                      0.000000    0.000000    0.000000   clock __VIRTUAL_CLK__ (rise edge)
                                  0.000000    0.000000   clock network delay (ideal)
                                  2.000000    2.000000 v input external delay
                      0.017108    0.008090    2.008090 v detector_in[1] (in)
     1    0.002443                                       detector_in[1] (net)
                      0.017108    0.000000    2.008090 v input2/A (sky130_fd_sc_hd__buf_1)
                      0.095381    0.174751    2.182841 v input2/X (sky130_fd_sc_hd__buf_1)
     2    0.007200                                       net2 (net)
                      0.095381    0.000081    2.182922 v _2_/A (sky130_fd_sc_hd__clkbuf_1)
                      0.046153    0.166162    2.349084 v _2_/X (sky130_fd_sc_hd__clkbuf_1)
     1    0.002208                                       _0_ (net)
                      0.046153    0.000010    2.349095 v _3_/A (sky130_fd_sc_hd__clkbuf_1)
                      0.052793    0.151528    2.500622 v _3_/X (sky130_fd_sc_hd__clkbuf_1)
     1    0.003039                                       net3 (net)
                      0.052793    0.000034    2.500656 v output3/A (sky130_fd_sc_hd__clkbuf_4)
                      0.140144    0.318175    2.818831 v output3/X (sky130_fd_sc_hd__clkbuf_4)
     1    0.034683                                       phase_map_out[0] (net)
                      0.140146    0.000464    2.819295 v phase_map_out[0] (out)
                                              2.819295   data arrival time

                      0.000000    0.000000    0.000000   clock __VIRTUAL_CLK__ (rise edge)
                                  0.000000    0.000000   clock network delay (ideal)
                                  0.250000    0.250000   clock uncertainty
                                  0.000000    0.250000   clock reconvergence pessimism
                                 -2.000000   -1.750000   output external delay
                                             -1.750000   data required time
---------------------------------------------------------------------------------------------
                                             -1.750000   data required time
                                             -2.819295   data arrival time
---------------------------------------------------------------------------------------------
                                              4.569295   slack (MET)
