
===========================================================================
report_checks -path_delay max (Setup)
============================================================================
======================= max_tt_025C_1v80 Corner ===================================

Startpoint: detector_in[1] (input port clocked by __VIRTUAL_CLK__)
Endpoint: phase_map_out[1] (output port clocked by __VIRTUAL_CLK__)
Path Group: __VIRTUAL_CLK__
Path Type: max

Fanout         Cap        Slew       Delay        Time   Description
---------------------------------------------------------------------------------------------
                      0.000000    0.000000    0.000000   clock __VIRTUAL_CLK__ (rise edge)
                                  0.000000    0.000000   clock network delay (ideal)
                                  2.000000    2.000000 v input external delay
                      0.008005    0.004023    2.004023 v detector_in[1] (in)
     1    0.002534                                       detector_in[1] (net)
                      0.008007    0.000000    2.004023 v input2/A (sky130_fd_sc_hd__buf_1)
                      0.053499    0.095997    2.100019 v input2/X (sky130_fd_sc_hd__buf_1)
     2    0.007994                                       net2 (net)
                      0.053506    0.000497    2.100517 v _4_/B (sky130_fd_sc_hd__or2_1)
                      0.044408    0.198931    2.299447 v _4_/X (sky130_fd_sc_hd__or2_1)
     1    0.002177                                       _1_ (net)
                      0.044408    0.000100    2.299547 v _5_/A (sky130_fd_sc_hd__clkbuf_1)
                      0.027312    0.087836    2.387383 v _5_/X (sky130_fd_sc_hd__clkbuf_1)
     1    0.002943                                       net4 (net)
                      0.027314    0.000189    2.387572 v output4/A (sky130_fd_sc_hd__buf_2)
                      0.089846    0.171482    2.559054 v output4/X (sky130_fd_sc_hd__buf_2)
     1    0.034161                                       phase_map_out[1] (net)
                      0.089889    0.001669    2.560724 v phase_map_out[1] (out)
                                              2.560724   data arrival time

                      0.000000   10.000000   10.000000   clock __VIRTUAL_CLK__ (rise edge)
                                  0.000000   10.000000   clock network delay (ideal)
                                 -0.250000    9.750000   clock uncertainty
                                  0.000000    9.750000   clock reconvergence pessimism
                                 -2.000000    7.750000   output external delay
                                              7.750000   data required time
---------------------------------------------------------------------------------------------
                                              7.750000   data required time
                                             -2.560724   data arrival time
---------------------------------------------------------------------------------------------
                                              5.189277   slack (MET)


Startpoint: detector_in[1] (input port clocked by __VIRTUAL_CLK__)
Endpoint: phase_map_out[0] (output port clocked by __VIRTUAL_CLK__)
Path Group: __VIRTUAL_CLK__
Path Type: max

Fanout         Cap        Slew       Delay        Time   Description
---------------------------------------------------------------------------------------------
                      0.000000    0.000000    0.000000   clock __VIRTUAL_CLK__ (rise edge)
                                  0.000000    0.000000   clock network delay (ideal)
                                  2.000000    2.000000 ^ input external delay
                      0.019348    0.010046    2.010046 ^ detector_in[1] (in)
     1    0.002710                                       detector_in[1] (net)
                      0.019349    0.000000    2.010046 ^ input2/A (sky130_fd_sc_hd__buf_1)
                      0.105889    0.115667    2.125713 ^ input2/X (sky130_fd_sc_hd__buf_1)
     2    0.008345                                       net2 (net)
                      0.105892    0.000454    2.126167 ^ _2_/A (sky130_fd_sc_hd__clkbuf_1)
                      0.040682    0.094085    2.220252 ^ _2_/X (sky130_fd_sc_hd__clkbuf_1)
     1    0.002423                                       _0_ (net)
                      0.040683    0.000112    2.220364 ^ _3_/A (sky130_fd_sc_hd__clkbuf_1)
                      0.050970    0.084141    2.304505 ^ _3_/X (sky130_fd_sc_hd__clkbuf_1)
     1    0.003435                                       net3 (net)
                      0.050971    0.000216    2.304720 ^ output3/A (sky130_fd_sc_hd__clkbuf_4)
                      0.113871    0.187212    2.491932 ^ output3/X (sky130_fd_sc_hd__clkbuf_4)
     1    0.034842                                       phase_map_out[0] (net)
                      0.113913    0.001781    2.493713 ^ phase_map_out[0] (out)
                                              2.493713   data arrival time

                      0.000000   10.000000   10.000000   clock __VIRTUAL_CLK__ (rise edge)
                                  0.000000   10.000000   clock network delay (ideal)
                                 -0.250000    9.750000   clock uncertainty
                                  0.000000    9.750000   clock reconvergence pessimism
                                 -2.000000    7.750000   output external delay
                                              7.750000   data required time
---------------------------------------------------------------------------------------------
                                              7.750000   data required time
                                             -2.493713   data arrival time
---------------------------------------------------------------------------------------------
                                              5.256287   slack (MET)
