
===========================================================================
report_checks -path_delay min (Hold)
============================================================================
======================= max_tt_025C_1v80 Corner ===================================

Startpoint: detector_in[1] (input port clocked by __VIRTUAL_CLK__)
Endpoint: phase_map_out[0] (output port clocked by __VIRTUAL_CLK__)
Path Group: __VIRTUAL_CLK__
Path Type: min

Fanout         Cap        Slew       Delay        Time   Description
---------------------------------------------------------------------------------------------
                      0.000000    0.000000    0.000000   clock __VIRTUAL_CLK__ (rise edge)
                                  0.000000    0.000000   clock network delay (ideal)
                                  2.000000    2.000000 v input external delay
                      0.008005    0.004023    2.004023 v detector_in[1] (in)
     1    0.002534                                       detector_in[1] (net)
                      0.008007    0.000000    2.004023 v input2/A (sky130_fd_sc_hd__buf_1)
                      0.053499    0.095997    2.100019 v input2/X (sky130_fd_sc_hd__buf_1)
     2    0.007994                                       net2 (net)
                      0.053504    0.000430    2.100449 v _2_/A (sky130_fd_sc_hd__clkbuf_1)
                      0.023724    0.088053    2.188502 v _2_/X (sky130_fd_sc_hd__clkbuf_1)
     1    0.002247                                       _0_ (net)
                      0.023725    0.000103    2.188605 v _3_/A (sky130_fd_sc_hd__clkbuf_1)
                      0.028599    0.080032    2.268637 v _3_/X (sky130_fd_sc_hd__clkbuf_1)
     1    0.003191                                       net3 (net)
                      0.028601    0.000195    2.268833 v output3/A (sky130_fd_sc_hd__clkbuf_4)
                      0.080797    0.175412    2.444245 v output3/X (sky130_fd_sc_hd__clkbuf_4)
     1    0.034842                                       phase_map_out[0] (net)
                      0.080854    0.001779    2.446024 v phase_map_out[0] (out)
                                              2.446024   data arrival time

                      0.000000    0.000000    0.000000   clock __VIRTUAL_CLK__ (rise edge)
                                  0.000000    0.000000   clock network delay (ideal)
                                  0.250000    0.250000   clock uncertainty
                                  0.000000    0.250000   clock reconvergence pessimism
                                 -2.000000   -1.750000   output external delay
                                             -1.750000   data required time
---------------------------------------------------------------------------------------------
                                             -1.750000   data required time
                                             -2.446024   data arrival time
---------------------------------------------------------------------------------------------
                                              4.196024   slack (MET)


Startpoint: detector_in[0] (input port clocked by __VIRTUAL_CLK__)
Endpoint: phase_map_out[1] (output port clocked by __VIRTUAL_CLK__)
Path Group: __VIRTUAL_CLK__
Path Type: min

Fanout         Cap        Slew       Delay        Time   Description
---------------------------------------------------------------------------------------------
                      0.000000    0.000000    0.000000   clock __VIRTUAL_CLK__ (rise edge)
                                  0.000000    0.000000   clock network delay (ideal)
                                  2.000000    2.000000 ^ input external delay
                      0.023617    0.013502    2.013502 ^ detector_in[0] (in)
     1    0.003694                                       detector_in[0] (net)
                      0.023618    0.000000    2.013502 ^ input1/A (sky130_fd_sc_hd__clkbuf_1)
                      0.046562    0.075054    2.088556 ^ input1/X (sky130_fd_sc_hd__clkbuf_1)
     1    0.003033                                       net1 (net)
                      0.046563    0.000169    2.088724 ^ _4_/A (sky130_fd_sc_hd__or2_1)
                      0.036066    0.087322    2.176046 ^ _4_/X (sky130_fd_sc_hd__or2_1)
     1    0.002353                                       _1_ (net)
                      0.036066    0.000108    2.176154 ^ _5_/A (sky130_fd_sc_hd__clkbuf_1)
                      0.047299    0.079887    2.256041 ^ _5_/X (sky130_fd_sc_hd__clkbuf_1)
     1    0.003103                                       net4 (net)
                      0.047300    0.000203    2.256244 ^ output4/A (sky130_fd_sc_hd__buf_2)
                      0.169843    0.197784    2.454028 ^ output4/X (sky130_fd_sc_hd__buf_2)
     1    0.034161                                       phase_map_out[1] (net)
                      0.169866    0.001671    2.455699 ^ phase_map_out[1] (out)
                                              2.455699   data arrival time

                      0.000000    0.000000    0.000000   clock __VIRTUAL_CLK__ (rise edge)
                                  0.000000    0.000000   clock network delay (ideal)
                                  0.250000    0.250000   clock uncertainty
                                  0.000000    0.250000   clock reconvergence pessimism
                                 -2.000000   -1.750000   output external delay
                                             -1.750000   data required time
---------------------------------------------------------------------------------------------
                                             -1.750000   data required time
                                             -2.455699   data arrival time
---------------------------------------------------------------------------------------------
                                              4.205699   slack (MET)
