
===========================================================================
report_checks -path_delay max (Setup)
============================================================================
======================= nom_tt_025C_1v80 Corner ===================================

Startpoint: detector_in[0] (input port clocked by __VIRTUAL_CLK__)
Endpoint: phase_map_out[1] (output port clocked by __VIRTUAL_CLK__)
Path Group: __VIRTUAL_CLK__
Path Type: max

Fanout         Cap        Slew       Delay        Time   Description
---------------------------------------------------------------------------------------------
                      0.000000    0.000000    0.000000   clock __VIRTUAL_CLK__ (rise edge)
                                  0.000000    0.000000   clock network delay (ideal)
                                  2.000000    2.000000 v input external delay
                      0.007066    0.003080    2.003080 v detector_in[0] (in)
     1    0.002010                                       detector_in[0] (net)
                      0.007066    0.000000    2.003080 v input1/A (sky130_fd_sc_hd__clkbuf_1)
                      0.020022    0.063889    2.066968 v input1/X (sky130_fd_sc_hd__clkbuf_1)
     1    0.001399                                       net1 (net)
                      0.020022    0.000000    2.066968 v _4_/A (sky130_fd_sc_hd__or2_1)
                      0.044645    0.205071    2.272039 v _4_/X (sky130_fd_sc_hd__or2_1)
     1    0.002010                                       _1_ (net)
                      0.044645    0.000000    2.272039 v _5_/A (sky130_fd_sc_hd__clkbuf_1)
                      0.021371    0.080862    2.352901 v _5_/X (sky130_fd_sc_hd__clkbuf_1)
     1    0.001647                                       net4 (net)
                      0.021371    0.000000    2.352901 v output4/A (sky130_fd_sc_hd__buf_2)
                      0.087347    0.168949    2.521850 v output4/X (sky130_fd_sc_hd__buf_2)
     1    0.033442                                       phase_map_out[1] (net)
                      0.087347    0.000000    2.521850 v phase_map_out[1] (out)
                                              2.521850   data arrival time

                      0.000000   10.000000   10.000000   clock __VIRTUAL_CLK__ (rise edge)
                                  0.000000   10.000000   clock network delay (ideal)
                                 -0.250000    9.750000   clock uncertainty
                                  0.000000    9.750000   clock reconvergence pessimism
                                 -2.000000    7.750000   output external delay
                                              7.750000   data required time
---------------------------------------------------------------------------------------------
                                              7.750000   data required time
                                             -2.521850   data arrival time
---------------------------------------------------------------------------------------------
                                              5.228150   slack (MET)


Startpoint: detector_in[1] (input port clocked by __VIRTUAL_CLK__)
Endpoint: phase_map_out[0] (output port clocked by __VIRTUAL_CLK__)
Path Group: __VIRTUAL_CLK__
Path Type: max

Fanout         Cap        Slew       Delay        Time   Description
---------------------------------------------------------------------------------------------
                      0.000000    0.000000    0.000000   clock __VIRTUAL_CLK__ (rise edge)
                                  0.000000    0.000000   clock network delay (ideal)
                                  2.000000    2.000000 ^ input external delay
                      0.017702    0.008159    2.008159 ^ detector_in[1] (in)
     1    0.002191                                       detector_in[1] (net)
                      0.017702    0.000000    2.008159 ^ input2/A (sky130_fd_sc_hd__buf_1)
                      0.056224    0.078723    2.086883 ^ input2/X (sky130_fd_sc_hd__buf_1)
     2    0.003733                                       net2 (net)
                      0.056224    0.000000    2.086883 ^ _2_/A (sky130_fd_sc_hd__clkbuf_1)
                      0.038856    0.079159    2.166042 ^ _2_/X (sky130_fd_sc_hd__clkbuf_1)
     1    0.002186                                       _0_ (net)
                      0.038856    0.000000    2.166042 ^ _3_/A (sky130_fd_sc_hd__clkbuf_1)
                      0.039263    0.073741    2.239783 ^ _3_/X (sky130_fd_sc_hd__clkbuf_1)
     1    0.002228                                       net3 (net)
                      0.039263    0.000000    2.239783 ^ output3/A (sky130_fd_sc_hd__clkbuf_4)
                      0.112683    0.181142    2.420924 ^ output3/X (sky130_fd_sc_hd__clkbuf_4)
     1    0.033442                                       phase_map_out[0] (net)
                      0.112683    0.000000    2.420924 ^ phase_map_out[0] (out)
                                              2.420924   data arrival time

                      0.000000   10.000000   10.000000   clock __VIRTUAL_CLK__ (rise edge)
                                  0.000000   10.000000   clock network delay (ideal)
                                 -0.250000    9.750000   clock uncertainty
                                  0.000000    9.750000   clock reconvergence pessimism
                                 -2.000000    7.750000   output external delay
                                              7.750000   data required time
---------------------------------------------------------------------------------------------
                                              7.750000   data required time
                                             -2.420924   data arrival time
---------------------------------------------------------------------------------------------
                                              5.329075   slack (MET)
