
===========================================================================
report_checks -path_delay min (Hold)
============================================================================
======================= nom_tt_025C_1v80 Corner ===================================

Startpoint: detector_in[1] (input port clocked by __VIRTUAL_CLK__)
Endpoint: phase_map_out[0] (output port clocked by __VIRTUAL_CLK__)
Path Group: __VIRTUAL_CLK__
Path Type: min

Fanout         Cap        Slew       Delay        Time   Description
---------------------------------------------------------------------------------------------
                      0.000000    0.000000    0.000000   clock __VIRTUAL_CLK__ (rise edge)
                                  0.000000    0.000000   clock network delay (ideal)
                                  2.000000    2.000000 v input external delay
                      0.007078    0.003088    2.003088 v detector_in[1] (in)
     1    0.002015                                       detector_in[1] (net)
                      0.007078    0.000000    2.003088 v input2/A (sky130_fd_sc_hd__buf_1)
                      0.030519    0.074755    2.077843 v input2/X (sky130_fd_sc_hd__buf_1)
     2    0.003382                                       net2 (net)
                      0.030519    0.000000    2.077843 v _2_/A (sky130_fd_sc_hd__clkbuf_1)
                      0.023309    0.076615    2.154458 v _2_/X (sky130_fd_sc_hd__clkbuf_1)
     1    0.002010                                       _0_ (net)
                      0.023309    0.000000    2.154458 v _3_/A (sky130_fd_sc_hd__clkbuf_1)
                      0.023167    0.073281    2.227740 v _3_/X (sky130_fd_sc_hd__clkbuf_1)
     1    0.001984                                       net3 (net)
                      0.023167    0.000000    2.227740 v output3/A (sky130_fd_sc_hd__clkbuf_4)
                      0.079369    0.172044    2.399784 v output3/X (sky130_fd_sc_hd__clkbuf_4)
     1    0.033442                                       phase_map_out[0] (net)
                      0.079369    0.000000    2.399784 v phase_map_out[0] (out)
                                              2.399784   data arrival time

                      0.000000    0.000000    0.000000   clock __VIRTUAL_CLK__ (rise edge)
                                  0.000000    0.000000   clock network delay (ideal)
                                  0.250000    0.250000   clock uncertainty
                                  0.000000    0.250000   clock reconvergence pessimism
                                 -2.000000   -1.750000   output external delay
                                             -1.750000   data required time
---------------------------------------------------------------------------------------------
                                             -1.750000   data required time
                                             -2.399784   data arrival time
---------------------------------------------------------------------------------------------
                                              4.149784   slack (MET)


Startpoint: detector_in[0] (input port clocked by __VIRTUAL_CLK__)
Endpoint: phase_map_out[1] (output port clocked by __VIRTUAL_CLK__)
Path Group: __VIRTUAL_CLK__
Path Type: min

Fanout         Cap        Slew       Delay        Time   Description
---------------------------------------------------------------------------------------------
                      0.000000    0.000000    0.000000   clock __VIRTUAL_CLK__ (rise edge)
                                  0.000000    0.000000   clock network delay (ideal)
                                  2.000000    2.000000 ^ input external delay
                      0.017679    0.008142    2.008142 ^ detector_in[0] (in)
     1    0.002186                                       detector_in[0] (net)
                      0.017679    0.000000    2.008142 ^ input1/A (sky130_fd_sc_hd__clkbuf_1)
                      0.031548    0.060738    2.068880 ^ input1/X (sky130_fd_sc_hd__clkbuf_1)
     1    0.001543                                       net1 (net)
                      0.031548    0.000000    2.068880 ^ _4_/A (sky130_fd_sc_hd__or2_1)
                      0.035556    0.080575    2.149455 ^ _4_/X (sky130_fd_sc_hd__or2_1)
     1    0.002186                                       _1_ (net)
                      0.035556    0.000000    2.149455 ^ _5_/A (sky130_fd_sc_hd__clkbuf_1)
                      0.034541    0.069134    2.218589 ^ _5_/X (sky130_fd_sc_hd__clkbuf_1)
     1    0.001807                                       net4 (net)
                      0.034541    0.000000    2.218589 ^ output4/A (sky130_fd_sc_hd__buf_2)
                      0.168819    0.191685    2.410274 ^ output4/X (sky130_fd_sc_hd__buf_2)
     1    0.033442                                       phase_map_out[1] (net)
                      0.168819    0.000000    2.410274 ^ phase_map_out[1] (out)
                                              2.410274   data arrival time

                      0.000000    0.000000    0.000000   clock __VIRTUAL_CLK__ (rise edge)
                                  0.000000    0.000000   clock network delay (ideal)
                                  0.250000    0.250000   clock uncertainty
                                  0.000000    0.250000   clock reconvergence pessimism
                                 -2.000000   -1.750000   output external delay
                                             -1.750000   data required time
---------------------------------------------------------------------------------------------
                                             -1.750000   data required time
                                             -2.410274   data arrival time
---------------------------------------------------------------------------------------------
                                              4.160274   slack (MET)
