
===========================================================================
report_checks -path_delay max (Setup)
============================================================================
======================= min_ff_n40C_1v95 Corner ===================================

Startpoint: detector_in[1] (input port clocked by __VIRTUAL_CLK__)
Endpoint: phase_map_out[1] (output port clocked by __VIRTUAL_CLK__)
Path Group: __VIRTUAL_CLK__
Path Type: max

Fanout         Cap        Slew       Delay        Time   Description
---------------------------------------------------------------------------------------------
                      0.000000    0.000000    0.000000   clock __VIRTUAL_CLK__ (rise edge)
                                  0.000000    0.000000   clock network delay (ideal)
                                  2.000000    2.000000 v input external delay
                      0.004317    0.002010    2.002010 v detector_in[1] (in)
     1    0.002517                                       detector_in[1] (net)
                      0.004318    0.000000    2.002010 v input2/A (sky130_fd_sc_hd__buf_1)
                      0.034716    0.061164    2.063174 v input2/X (sky130_fd_sc_hd__buf_1)
     2    0.007397                                       net2 (net)
                      0.034716    0.000136    2.063310 v _4_/B (sky130_fd_sc_hd__or2_1)
                      0.030261    0.116617    2.179928 v _4_/X (sky130_fd_sc_hd__or2_1)
     1    0.002216                                       _1_ (net)
                      0.030261    0.000009    2.179937 v _5_/A (sky130_fd_sc_hd__clkbuf_1)
                      0.018612    0.056313    2.236250 v _5_/X (sky130_fd_sc_hd__clkbuf_1)
     1    0.002837                                       net4 (net)
                      0.018612    0.000033    2.236283 v output4/A (sky130_fd_sc_hd__buf_2)
                      0.062254    0.112902    2.349185 v output4/X (sky130_fd_sc_hd__buf_2)
     1    0.034043                                       phase_map_out[1] (net)
                      0.062255    0.000223    2.349408 v phase_map_out[1] (out)
                                              2.349408   data arrival time

                      0.000000   10.000000   10.000000   clock __VIRTUAL_CLK__ (rise edge)
                                  0.000000   10.000000   clock network delay (ideal)
                                 -0.250000    9.750000   clock uncertainty
                                  0.000000    9.750000   clock reconvergence pessimism
                                 -2.000000    7.750000   output external delay
                                              7.750000   data required time
---------------------------------------------------------------------------------------------
                                              7.750000   data required time
                                             -2.349408   data arrival time
---------------------------------------------------------------------------------------------
                                              5.400592   slack (MET)


Startpoint: detector_in[1] (input port clocked by __VIRTUAL_CLK__)
Endpoint: phase_map_out[0] (output port clocked by __VIRTUAL_CLK__)
Path Group: __VIRTUAL_CLK__
Path Type: max

Fanout         Cap        Slew       Delay        Time   Description
---------------------------------------------------------------------------------------------
                      0.000000    0.000000    0.000000   clock __VIRTUAL_CLK__ (rise edge)
                                  0.000000    0.000000   clock network delay (ideal)
                                  2.000000    2.000000 ^ input external delay
                      0.013581    0.006970    2.006970 ^ detector_in[1] (in)
     1    0.002705                                       detector_in[1] (net)
                      0.013581    0.000000    2.006970 ^ input2/A (sky130_fd_sc_hd__buf_1)
                      0.073680    0.076824    2.083794 ^ input2/X (sky130_fd_sc_hd__buf_1)
     2    0.007768                                       net2 (net)
                      0.073680    0.000089    2.083882 ^ _2_/A (sky130_fd_sc_hd__clkbuf_1)
                      0.030012    0.055533    2.139415 ^ _2_/X (sky130_fd_sc_hd__clkbuf_1)
     1    0.002468                                       _0_ (net)
                      0.030012    0.000012    2.139427 ^ _3_/A (sky130_fd_sc_hd__clkbuf_1)
                      0.036177    0.054491    2.193918 ^ _3_/X (sky130_fd_sc_hd__clkbuf_1)
     1    0.003289                                       net3 (net)
                      0.036178    0.000037    2.193955 ^ output3/A (sky130_fd_sc_hd__clkbuf_4)
                      0.085091    0.127740    2.321695 ^ output3/X (sky130_fd_sc_hd__clkbuf_4)
     1    0.034683                                       phase_map_out[0] (net)
                      0.085095    0.000464    2.322160 ^ phase_map_out[0] (out)
                                              2.322160   data arrival time

                      0.000000   10.000000   10.000000   clock __VIRTUAL_CLK__ (rise edge)
                                  0.000000   10.000000   clock network delay (ideal)
                                 -0.250000    9.750000   clock uncertainty
                                  0.000000    9.750000   clock reconvergence pessimism
                                 -2.000000    7.750000   output external delay
                                              7.750000   data required time
---------------------------------------------------------------------------------------------
                                              7.750000   data required time
                                             -2.322160   data arrival time
---------------------------------------------------------------------------------------------
                                              5.427841   slack (MET)
