
===========================================================================
report_checks -path_delay min (Hold)
============================================================================
======================= nom_ff_n40C_1v95 Corner ===================================

Startpoint: detector_in[1] (input port clocked by __VIRTUAL_CLK__)
Endpoint: phase_map_out[0] (output port clocked by __VIRTUAL_CLK__)
Path Group: __VIRTUAL_CLK__
Path Type: min

Fanout         Cap        Slew       Delay        Time   Description
---------------------------------------------------------------------------------------------
                      0.000000    0.000000    0.000000   clock __VIRTUAL_CLK__ (rise edge)
                                  0.000000    0.000000   clock network delay (ideal)
                                  2.000000    2.000000 v input external delay
                      0.004359    0.002058    2.002058 v detector_in[1] (in)
     1    0.002552                                       detector_in[1] (net)
                      0.004360    0.000000    2.002058 v input2/A (sky130_fd_sc_hd__buf_1)
                      0.036111    0.062260    2.064318 v input2/X (sky130_fd_sc_hd__buf_1)
     2    0.007766                                       net2 (net)
                      0.036113    0.000191    2.064509 v _2_/A (sky130_fd_sc_hd__clkbuf_1)
                      0.016732    0.056668    2.121177 v _2_/X (sky130_fd_sc_hd__clkbuf_1)
     1    0.002295                                       _0_ (net)
                      0.016732    0.000045    2.121222 v _3_/A (sky130_fd_sc_hd__clkbuf_1)
                      0.019685    0.052268    2.173490 v _3_/X (sky130_fd_sc_hd__clkbuf_1)
     1    0.003168                                       net3 (net)
                      0.019686    0.000090    2.173580 v output3/A (sky130_fd_sc_hd__clkbuf_4)
                      0.057254    0.118814    2.292393 v output3/X (sky130_fd_sc_hd__clkbuf_4)
     1    0.034781                                       phase_map_out[0] (net)
                      0.057274    0.000877    2.293270 v phase_map_out[0] (out)
                                              2.293270   data arrival time

                      0.000000    0.000000    0.000000   clock __VIRTUAL_CLK__ (rise edge)
                                  0.000000    0.000000   clock network delay (ideal)
                                  0.250000    0.250000   clock uncertainty
                                  0.000000    0.250000   clock reconvergence pessimism
                                 -2.000000   -1.750000   output external delay
                                             -1.750000   data required time
---------------------------------------------------------------------------------------------
                                             -1.750000   data required time
                                             -2.293270   data arrival time
---------------------------------------------------------------------------------------------
                                              4.043270   slack (MET)


Startpoint: detector_in[0] (input port clocked by __VIRTUAL_CLK__)
Endpoint: phase_map_out[1] (output port clocked by __VIRTUAL_CLK__)
Path Group: __VIRTUAL_CLK__
Path Type: min

Fanout         Cap        Slew       Delay        Time   Description
---------------------------------------------------------------------------------------------
                      0.000000    0.000000    0.000000   clock __VIRTUAL_CLK__ (rise edge)
                                  0.000000    0.000000   clock network delay (ideal)
                                  2.000000    2.000000 ^ input external delay
                      0.017098    0.009573    2.009573 ^ detector_in[0] (in)
     1    0.003685                                       detector_in[0] (net)
                      0.017098    0.000000    2.009573 ^ input1/A (sky130_fd_sc_hd__clkbuf_1)
                      0.034193    0.050079    2.059652 ^ input1/X (sky130_fd_sc_hd__clkbuf_1)
     1    0.003052                                       net1 (net)
                      0.034194    0.000085    2.059737 ^ _4_/A (sky130_fd_sc_hd__or2_1)
                      0.026645    0.058189    2.117926 ^ _4_/X (sky130_fd_sc_hd__or2_1)
     1    0.002411                                       _1_ (net)
                      0.026645    0.000046    2.117973 ^ _5_/A (sky130_fd_sc_hd__clkbuf_1)
                      0.034674    0.052708    2.170680 ^ _5_/X (sky130_fd_sc_hd__clkbuf_1)
     1    0.003107                                       net4 (net)
                      0.034674    0.000091    2.170771 ^ output4/A (sky130_fd_sc_hd__buf_2)
                      0.127634    0.137930    2.308701 ^ output4/X (sky130_fd_sc_hd__buf_2)
     1    0.034109                                       phase_map_out[1] (net)
                      0.127639    0.000682    2.309383 ^ phase_map_out[1] (out)
                                              2.309383   data arrival time

                      0.000000    0.000000    0.000000   clock __VIRTUAL_CLK__ (rise edge)
                                  0.000000    0.000000   clock network delay (ideal)
                                  0.250000    0.250000   clock uncertainty
                                  0.000000    0.250000   clock reconvergence pessimism
                                 -2.000000   -1.750000   output external delay
                                             -1.750000   data required time
---------------------------------------------------------------------------------------------
                                             -1.750000   data required time
                                             -2.309383   data arrival time
---------------------------------------------------------------------------------------------
                                              4.059383   slack (MET)
