
===========================================================================
report_checks -path_delay max (Setup)
============================================================================
======================= nom_ss_100C_1v60 Corner ===================================

Startpoint: detector_in[1] (input port clocked by __VIRTUAL_CLK__)
Endpoint: phase_map_out[1] (output port clocked by __VIRTUAL_CLK__)
Path Group: __VIRTUAL_CLK__
Path Type: max

Fanout         Cap        Slew       Delay        Time   Description
---------------------------------------------------------------------------------------------
                      0.000000    0.000000    0.000000   clock __VIRTUAL_CLK__ (rise edge)
                                  0.000000    0.000000   clock network delay (ideal)
                                  2.000000    2.000000 v input external delay
                      0.017239    0.008219    2.008219 v detector_in[1] (in)
     1    0.002478                                       detector_in[1] (net)
                      0.017239    0.000000    2.008219 v input2/A (sky130_fd_sc_hd__buf_1)
                      0.099263    0.177795    2.186014 v input2/X (sky130_fd_sc_hd__buf_1)
     2    0.007569                                       net2 (net)
                      0.099264    0.000253    2.186267 v _4_/B (sky130_fd_sc_hd__or2_1)
                      0.090422    0.456711    2.642979 v _4_/X (sky130_fd_sc_hd__or2_1)
     1    0.002151                                       _1_ (net)
                      0.090422    0.000041    2.643020 v _5_/A (sky130_fd_sc_hd__clkbuf_1)
                      0.050944    0.169990    2.813010 v _5_/X (sky130_fd_sc_hd__clkbuf_1)
     1    0.002854                                       net4 (net)
                      0.050944    0.000081    2.813092 v output4/A (sky130_fd_sc_hd__buf_2)
                      0.165427    0.335317    3.148409 v output4/X (sky130_fd_sc_hd__buf_2)
     1    0.034109                                       phase_map_out[1] (net)
                      0.165431    0.000682    3.149091 v phase_map_out[1] (out)
                                              3.149091   data arrival time

                      0.000000   10.000000   10.000000   clock __VIRTUAL_CLK__ (rise edge)
                                  0.000000   10.000000   clock network delay (ideal)
                                 -0.250000    9.750000   clock uncertainty
                                  0.000000    9.750000   clock reconvergence pessimism
                                 -2.000000    7.750000   output external delay
                                              7.750000   data required time
---------------------------------------------------------------------------------------------
                                              7.750000   data required time
                                             -3.149091   data arrival time
---------------------------------------------------------------------------------------------
                                              4.600908   slack (MET)


Startpoint: detector_in[1] (input port clocked by __VIRTUAL_CLK__)
Endpoint: phase_map_out[0] (output port clocked by __VIRTUAL_CLK__)
Path Group: __VIRTUAL_CLK__
Path Type: max

Fanout         Cap        Slew       Delay        Time   Description
---------------------------------------------------------------------------------------------
                      0.000000    0.000000    0.000000   clock __VIRTUAL_CLK__ (rise edge)
                                  0.000000    0.000000   clock network delay (ideal)
                                  2.000000    2.000000 ^ input external delay
                      0.030977    0.014771    2.014771 ^ detector_in[1] (in)
     1    0.002607                                       detector_in[1] (net)
                      0.030977    0.000000    2.014771 ^ input2/A (sky130_fd_sc_hd__buf_1)
                      0.161744    0.198552    2.213323 ^ input2/X (sky130_fd_sc_hd__buf_1)
     2    0.007826                                       net2 (net)
                      0.161744    0.000193    2.213516 ^ _2_/A (sky130_fd_sc_hd__clkbuf_1)
                      0.065602    0.182394    2.395911 ^ _2_/X (sky130_fd_sc_hd__clkbuf_1)
     1    0.002350                                       _0_ (net)
                      0.065602    0.000046    2.395957 ^ _3_/A (sky130_fd_sc_hd__clkbuf_1)
                      0.082383    0.156063    2.552020 ^ _3_/X (sky130_fd_sc_hd__clkbuf_1)
     1    0.003374                                       net3 (net)
                      0.082383    0.000097    2.552118 ^ output3/A (sky130_fd_sc_hd__clkbuf_4)
                      0.181875    0.335669    2.887787 ^ output3/X (sky130_fd_sc_hd__clkbuf_4)
     1    0.034781                                       phase_map_out[0] (net)
                      0.181881    0.000878    2.888665 ^ phase_map_out[0] (out)
                                              2.888665   data arrival time

                      0.000000   10.000000   10.000000   clock __VIRTUAL_CLK__ (rise edge)
                                  0.000000   10.000000   clock network delay (ideal)
                                 -0.250000    9.750000   clock uncertainty
                                  0.000000    9.750000   clock reconvergence pessimism
                                 -2.000000    7.750000   output external delay
                                              7.750000   data required time
---------------------------------------------------------------------------------------------
                                              7.750000   data required time
                                             -2.888665   data arrival time
---------------------------------------------------------------------------------------------
                                              4.861335   slack (MET)
