
===========================================================================
report_checks -path_delay min (Hold)
============================================================================
======================= nom_ss_100C_1v60 Corner ===================================

Startpoint: detector_in[0] (input port clocked by __VIRTUAL_CLK__)
Endpoint: phase_map_out[1] (output port clocked by __VIRTUAL_CLK__)
Path Group: __VIRTUAL_CLK__
Path Type: min

Fanout         Cap        Slew       Delay        Time   Description
---------------------------------------------------------------------------------------------
                      0.000000    0.000000    0.000000   clock __VIRTUAL_CLK__ (rise edge)
                                  0.000000    0.000000   clock network delay (ideal)
                                  2.000000    2.000000 ^ input external delay
                      0.037297    0.019782    2.019782 ^ detector_in[0] (in)
     1    0.003554                                       detector_in[0] (net)
                      0.037297    0.000000    2.019782 ^ input1/A (sky130_fd_sc_hd__clkbuf_1)
                      0.073702    0.136522    2.156305 ^ input1/X (sky130_fd_sc_hd__clkbuf_1)
     1    0.002868                                       net1 (net)
                      0.073702    0.000078    2.156383 ^ _4_/A (sky130_fd_sc_hd__or2_1)
                      0.058970    0.157981    2.314364 ^ _4_/X (sky130_fd_sc_hd__or2_1)
     1    0.002280                                       _1_ (net)
                      0.058970    0.000044    2.314409 ^ _5_/A (sky130_fd_sc_hd__clkbuf_1)
                      0.075642    0.147798    2.462206 ^ _5_/X (sky130_fd_sc_hd__clkbuf_1)
     1    0.002982                                       net4 (net)
                      0.075643    0.000086    2.462292 ^ output4/A (sky130_fd_sc_hd__buf_2)
                      0.271052    0.345234    2.807526 ^ output4/X (sky130_fd_sc_hd__buf_2)
     1    0.034109                                       phase_map_out[1] (net)
                      0.271054    0.000682    2.808208 ^ phase_map_out[1] (out)
                                              2.808208   data arrival time

                      0.000000    0.000000    0.000000   clock __VIRTUAL_CLK__ (rise edge)
                                  0.000000    0.000000   clock network delay (ideal)
                                  0.250000    0.250000   clock uncertainty
                                  0.000000    0.250000   clock reconvergence pessimism
                                 -2.000000   -1.750000   output external delay
                                             -1.750000   data required time
---------------------------------------------------------------------------------------------
                                             -1.750000   data required time
                                             -2.808208   data arrival time
---------------------------------------------------------------------------------------------
                                              4.558208   slack (MET)


Startpoint: detector_in[1] (input port clocked by __VIRTUAL_CLK__)
Endpoint: phase_map_out[0] (output port clocked by __VIRTUAL_CLK__)
Path Group: __VIRTUAL_CLK__
Path Type: min

Fanout         Cap        Slew       Delay        Time   Description
---------------------------------------------------------------------------------------------
                      0.000000    0.000000    0.000000   clock __VIRTUAL_CLK__ (rise edge)
                                  0.000000    0.000000   clock network delay (ideal)
                                  2.000000    2.000000 v input external delay
                      0.017239    0.008219    2.008219 v detector_in[1] (in)
     1    0.002478                                       detector_in[1] (net)
                      0.017239    0.000000    2.008219 v input2/A (sky130_fd_sc_hd__buf_1)
                      0.099263    0.177795    2.186014 v input2/X (sky130_fd_sc_hd__buf_1)
     2    0.007569                                       net2 (net)
                      0.099264    0.000185    2.186199 v _2_/A (sky130_fd_sc_hd__clkbuf_1)
                      0.044733    0.168112    2.354311 v _2_/X (sky130_fd_sc_hd__clkbuf_1)
     1    0.002221                                       _0_ (net)
                      0.044733    0.000044    2.354355 v _3_/A (sky130_fd_sc_hd__clkbuf_1)
                      0.054038    0.152047    2.506401 v _3_/X (sky130_fd_sc_hd__clkbuf_1)
     1    0.003162                                       net3 (net)
                      0.054038    0.000090    2.506491 v output3/A (sky130_fd_sc_hd__clkbuf_4)
                      0.140541    0.318759    2.825250 v output3/X (sky130_fd_sc_hd__clkbuf_4)
     1    0.034781                                       phase_map_out[0] (net)
                      0.140549    0.000878    2.826128 v phase_map_out[0] (out)
                                              2.826128   data arrival time

                      0.000000    0.000000    0.000000   clock __VIRTUAL_CLK__ (rise edge)
                                  0.000000    0.000000   clock network delay (ideal)
                                  0.250000    0.250000   clock uncertainty
                                  0.000000    0.250000   clock reconvergence pessimism
                                 -2.000000   -1.750000   output external delay
                                             -1.750000   data required time
---------------------------------------------------------------------------------------------
                                             -1.750000   data required time
                                             -2.826128   data arrival time
---------------------------------------------------------------------------------------------
                                              4.576128   slack (MET)
