CVC: Log output to /foss/tools/openlane/2023.05/designs/amaranth_driven_flow/runs/RUN_2023.08.22_00.06.09/reports/signoff/top.rpt
CVC: Error output to /foss/tools/openlane/2023.05/designs/amaranth_driven_flow/runs/RUN_2023.08.22_00.06.09/reports/signoff/top.rpt.error.gz
CVC: Debug output to /foss/tools/openlane/2023.05/designs/amaranth_driven_flow/runs/RUN_2023.08.22_00.06.09/reports/signoff/top.rpt.debug.gz
CVC: Circuit Validation Check  Version 1.1.4
CVC: Start: Tue Aug 22 00:06:38 2023

Using the following parameters for CVC (Circuit Validation Check) from /foss/pdks/sky130A/libs.tech/openlane/cvc/cvcrc
CVC_TOP = 'top'
CVC_NETLIST = '/foss/tools/openlane/2023.05/designs/amaranth_driven_flow/runs/RUN_2023.08.22_00.06.09/tmp/signoff/top.cdl'
CVC_MODE = 'top'
CVC_MODEL_FILE = '/foss/pdks/sky130A/libs.tech/openlane/cvc/models'
CVC_POWER_FILE = '/foss/tools/openlane/2023.05/designs/amaranth_driven_flow/runs/RUN_2023.08.22_00.06.09/tmp/signoff/top.power'
CVC_FUSE_FILE = ''
CVC_REPORT_FILE = '/foss/tools/openlane/2023.05/designs/amaranth_driven_flow/runs/RUN_2023.08.22_00.06.09/reports/signoff/top.rpt'
CVC_REPORT_TITLE = 'CVC $CVC_TOP'
CVC_CIRCUIT_ERROR_LIMIT = '100'
CVC_SEARCH_LIMIT = '100'
CVC_LEAK_LIMIT = '0.0002'
CVC_SOI = 'false'
CVC_SCRC = 'false'
CVC_VTH_GATES = 'false'
CVC_MIN_VTH_GATES = 'false'
CVC_IGNORE_VTH_FLOATING = 'false'
CVC_IGNORE_NO_LEAK_FLOATING = 'false'
CVC_LEAK_OVERVOLTAGE = 'true'
CVC_LOGIC_DIODES = 'false'
CVC_ANALOG_GATES = 'true'
CVC_BACKUP_RESULTS = 'false'
CVC_MOS_DIODE_ERROR_THRESHOLD = '0'
CVC_SHORT_ERROR_THRESHOLD = '0'
CVC_BIAS_ERROR_THRESHOLD = '0'
CVC_FORWARD_ERROR_THRESHOLD = '0'
CVC_FLOATING_ERROR_THRESHOLD = '0'
CVC_GATE_ERROR_THRESHOLD = '0'
CVC_LEAK?_ERROR_THRESHOLD = '0'
CVC_EXPECTED_ERROR_THRESHOLD = '0'
CVC_OVERVOLTAGE_ERROR_THRESHOLD = '0'
CVC_PARALLEL_CIRCUIT_PORT_LIMIT = '0'
CVC_CELL_ERROR_LIMIT_FILE = ''
CVC_CELL_CHECKSUM_FILE = ''
CVC_LARGE_CIRCUIT_SIZE = '10000000'
CVC_NET_CHECK_FILE = ''
CVC_MODEL_CHECK_FILE = ''
End of parameters

CVC: Reading device model settings...
CVC: Reading power settings...
CVC: Parsing netlist /foss/tools/openlane/2023.05/designs/amaranth_driven_flow/runs/RUN_2023.08.22_00.06.09/tmp/signoff/top.cdl
Cdl fixed data size 17672
Usage CDL: Time: 0  Memory: 11852  I/O: 4520  Swap: 0
CVC: Counting and linking...
