
===========================================================================
report_checks -unconstrained
===========================================================================
======================= nom_tt_025C_1v80 Corner ===================================

Startpoint: detector_in[0] (input port clocked by __VIRTUAL_CLK__)
Endpoint: phase_map_out[1] (output port clocked by __VIRTUAL_CLK__)
Path Group: __VIRTUAL_CLK__
Path Type: max

Fanout         Cap        Slew       Delay        Time   Description
---------------------------------------------------------------------------------------------
                      0.000000    0.000000    0.000000   clock __VIRTUAL_CLK__ (rise edge)
                                  0.000000    0.000000   clock network delay (ideal)
                                  2.000000    2.000000 v input external delay
                      0.016266    0.010123    2.010123 v detector_in[0] (in)
     1    0.006224                                       detector_in[0] (net)
                      0.016268    0.000000    2.010123 v input1/A (sky130_fd_sc_hd__clkbuf_1)
                      0.028338    0.076993    2.087116 v input1/X (sky130_fd_sc_hd__clkbuf_1)
     1    0.003151                                       net1 (net)
                      0.028339    0.000104    2.087219 v _4_/A (sky130_fd_sc_hd__or2_1)
                      0.046139    0.211694    2.298913 v _4_/X (sky130_fd_sc_hd__or2_1)
     1    0.002502                                       _1_ (net)
                      0.046139    0.000054    2.298967 v _5_/A (sky130_fd_sc_hd__clkbuf_1)
                      0.029101    0.090479    2.389446 v _5_/X (sky130_fd_sc_hd__clkbuf_1)
     1    0.003292                                       net4 (net)
                      0.029101    0.000109    2.389555 v output4/A (sky130_fd_sc_hd__buf_2)
                      0.089985    0.173261    2.562817 v output4/X (sky130_fd_sc_hd__buf_2)
     1    0.034376                                       phase_map_out[1] (net)
                      0.089998    0.000900    2.563716 v phase_map_out[1] (out)
                                              2.563716   data arrival time

                      0.000000   10.000000   10.000000   clock __VIRTUAL_CLK__ (rise edge)
                                  0.000000   10.000000   clock network delay (ideal)
                                 -0.250000    9.750000   clock uncertainty
                                  0.000000    9.750000   clock reconvergence pessimism
                                 -2.000000    7.750000   output external delay
                                              7.750000   data required time
---------------------------------------------------------------------------------------------
                                              7.750000   data required time
                                             -2.563716   data arrival time
---------------------------------------------------------------------------------------------
                                              5.186284   slack (MET)




===========================================================================
report_checks --slack_max -0.01
============================================================================
======================= nom_tt_025C_1v80 Corner ===================================

No paths found.


===========================================================================
 report_check_types -max_slew -max_cap -max_fanout -violators
============================================================================
======================= nom_tt_025C_1v80 Corner ===================================



===========================================================================
report_parasitic_annotation -report_unannotated
============================================================================
Found 10 unannotated drivers.
 detector_in[0]
 detector_in[1]
 _2_/X
 _3_/X
 _4_/X
 _5_/X
 input1/X
 input2/X
 output3/X
 output4/X
Found 0 partially unannotated drivers.

===========================================================================
max slew violation count 0
Writing metric design__max_slew_violation__count__corner:nom_tt_025C_1v80: 0
max fanout violation count 0
Writing metric design__max_fanout_violation__count__corner:nom_tt_025C_1v80: 0
max cap violation count 0
Writing metric design__max_cap_violation__count__corner:nom_tt_025C_1v80: 0
============================================================================

===========================================================================
check_setup -verbose -unconstrained_endpoints -multiple_clock -no_clock -no_input_delay -loops -generated_clocks
===========================================================================
