
===========================================================================
report_checks -path_delay min (Hold)
============================================================================
======================= nom_tt_025C_1v80 Corner ===================================

Startpoint: detector_in[1] (input port clocked by __VIRTUAL_CLK__)
Endpoint: phase_map_out[0] (output port clocked by __VIRTUAL_CLK__)
Path Group: __VIRTUAL_CLK__
Path Type: min

Fanout         Cap        Slew       Delay        Time   Description
---------------------------------------------------------------------------------------------
                      0.000000    0.000000    0.000000   clock __VIRTUAL_CLK__ (rise edge)
                                  0.000000    0.000000   clock network delay (ideal)
                                  2.000000    2.000000 v input external delay
                      0.009705    0.005221    2.005221 v detector_in[1] (in)
     1    0.003260                                       detector_in[1] (net)
                      0.009706    0.000000    2.005221 v input2/A (sky130_fd_sc_hd__buf_1)
                      0.030541    0.075747    2.080968 v input2/X (sky130_fd_sc_hd__buf_1)
     2    0.003382                                       net2 (net)
                      0.030541    0.000000    2.080968 v _2_/A (sky130_fd_sc_hd__clkbuf_1)
                      0.025191    0.079470    2.160437 v _2_/X (sky130_fd_sc_hd__clkbuf_1)
     1    0.002531                                       _0_ (net)
                      0.025191    0.000055    2.160492 v _3_/A (sky130_fd_sc_hd__clkbuf_1)
                      0.027804    0.079869    2.240362 v _3_/X (sky130_fd_sc_hd__clkbuf_1)
     1    0.003035                                       net3 (net)
                      0.027804    0.000074    2.240436 v output3/A (sky130_fd_sc_hd__clkbuf_4)
                      0.085187    0.179133    2.419569 v output3/X (sky130_fd_sc_hd__clkbuf_4)
     1    0.037221                                       phase_map_out[0] (net)
                      0.085209    0.001140    2.420708 v phase_map_out[0] (out)
                                              2.420708   data arrival time

                      0.000000    0.000000    0.000000   clock __VIRTUAL_CLK__ (rise edge)
                                  0.000000    0.000000   clock network delay (ideal)
                                  0.250000    0.250000   clock uncertainty
                                  0.000000    0.250000   clock reconvergence pessimism
                                 -2.000000   -1.750000   output external delay
                                             -1.750000   data required time
---------------------------------------------------------------------------------------------
                                             -1.750000   data required time
                                             -2.420708   data arrival time
---------------------------------------------------------------------------------------------
                                              4.170708   slack (MET)


Startpoint: detector_in[1] (input port clocked by __VIRTUAL_CLK__)
Endpoint: phase_map_out[1] (output port clocked by __VIRTUAL_CLK__)
Path Group: __VIRTUAL_CLK__
Path Type: min

Fanout         Cap        Slew       Delay        Time   Description
---------------------------------------------------------------------------------------------
                      0.000000    0.000000    0.000000   clock __VIRTUAL_CLK__ (rise edge)
                                  0.000000    0.000000   clock network delay (ideal)
                                  2.000000    2.000000 ^ input external delay
                      0.022496    0.012557    2.012557 ^ detector_in[1] (in)
     1    0.003436                                       detector_in[1] (net)
                      0.022496    0.000000    2.012557 ^ input2/A (sky130_fd_sc_hd__buf_1)
                      0.056226    0.080389    2.092946 ^ input2/X (sky130_fd_sc_hd__buf_1)
     2    0.003733                                       net2 (net)
                      0.056226    0.000000    2.092946 ^ _4_/B (sky130_fd_sc_hd__or2_1)
                      0.038459    0.090995    2.183942 ^ _4_/X (sky130_fd_sc_hd__or2_1)
     1    0.002678                                       _1_ (net)
                      0.038459    0.000058    2.183999 ^ _5_/A (sky130_fd_sc_hd__clkbuf_1)
                      0.051154    0.083543    2.267542 ^ _5_/X (sky130_fd_sc_hd__clkbuf_1)
     1    0.003452                                       net4 (net)
                      0.051154    0.000117    2.267659 ^ output4/A (sky130_fd_sc_hd__buf_2)
                      0.170727    0.200521    2.468179 ^ output4/X (sky130_fd_sc_hd__buf_2)
     1    0.034376                                       phase_map_out[1] (net)
                      0.170734    0.000900    2.469080 ^ phase_map_out[1] (out)
                                              2.469080   data arrival time

                      0.000000    0.000000    0.000000   clock __VIRTUAL_CLK__ (rise edge)
                                  0.000000    0.000000   clock network delay (ideal)
                                  0.250000    0.250000   clock uncertainty
                                  0.000000    0.250000   clock reconvergence pessimism
                                 -2.000000   -1.750000   output external delay
                                             -1.750000   data required time
---------------------------------------------------------------------------------------------
                                             -1.750000   data required time
                                             -2.469080   data arrival time
---------------------------------------------------------------------------------------------
                                              4.219079   slack (MET)
