
===========================================================================
report_checks -path_delay min (Hold)
============================================================================
======================= min_tt_025C_1v80 Corner ===================================

Startpoint: detector_in[1] (input port clocked by __VIRTUAL_CLK__)
Endpoint: phase_map_out[0] (output port clocked by __VIRTUAL_CLK__)
Path Group: __VIRTUAL_CLK__
Path Type: min

Fanout         Cap        Slew       Delay        Time   Description
---------------------------------------------------------------------------------------------
                      0.000000    0.000000    0.000000   clock __VIRTUAL_CLK__ (rise edge)
                                  0.000000    0.000000   clock network delay (ideal)
                                  2.000000    2.000000 v input external delay
                      0.007853    0.003847    2.003847 v detector_in[1] (in)
     1    0.002462                                       detector_in[1] (net)
                      0.007853    0.000000    2.003847 v input2/A (sky130_fd_sc_hd__buf_1)
                      0.049958    0.092764    2.096611 v input2/X (sky130_fd_sc_hd__buf_1)
     2    0.007258                                       net2 (net)
                      0.049958    0.000082    2.096693 v _2_/A (sky130_fd_sc_hd__clkbuf_1)
                      0.023612    0.086414    2.183108 v _2_/X (sky130_fd_sc_hd__clkbuf_1)
     1    0.002227                                       _0_ (net)
                      0.023612    0.000010    2.183118 v _3_/A (sky130_fd_sc_hd__clkbuf_1)
                      0.027691    0.079072    2.262190 v _3_/X (sky130_fd_sc_hd__clkbuf_1)
     1    0.003014                                       net3 (net)
                      0.027691    0.000033    2.262223 v output3/A (sky130_fd_sc_hd__clkbuf_4)
                      0.080433    0.175640    2.437863 v output3/X (sky130_fd_sc_hd__clkbuf_4)
     1    0.034683                                       phase_map_out[0] (net)
                      0.080437    0.000464    2.438328 v phase_map_out[0] (out)
                                              2.438328   data arrival time

                      0.000000    0.000000    0.000000   clock __VIRTUAL_CLK__ (rise edge)
                                  0.000000    0.000000   clock network delay (ideal)
                                  0.250000    0.250000   clock uncertainty
                                  0.000000    0.250000   clock reconvergence pessimism
                                 -2.000000   -1.750000   output external delay
                                             -1.750000   data required time
---------------------------------------------------------------------------------------------
                                             -1.750000   data required time
                                             -2.438328   data arrival time
---------------------------------------------------------------------------------------------
                                              4.188328   slack (MET)


Startpoint: detector_in[0] (input port clocked by __VIRTUAL_CLK__)
Endpoint: phase_map_out[1] (output port clocked by __VIRTUAL_CLK__)
Path Group: __VIRTUAL_CLK__
Path Type: min

Fanout         Cap        Slew       Delay        Time   Description
---------------------------------------------------------------------------------------------
                      0.000000    0.000000    0.000000   clock __VIRTUAL_CLK__ (rise edge)
                                  0.000000    0.000000   clock network delay (ideal)
                                  2.000000    2.000000 ^ input external delay
                      0.022892    0.012858    2.012858 ^ detector_in[0] (in)
     1    0.003528                                       detector_in[0] (net)
                      0.022892    0.000000    2.012858 ^ input1/A (sky130_fd_sc_hd__clkbuf_1)
                      0.044084    0.072938    2.085797 ^ input1/X (sky130_fd_sc_hd__clkbuf_1)
     1    0.002803                                       net1 (net)
                      0.044084    0.000031    2.085828 ^ _4_/A (sky130_fd_sc_hd__or2_1)
                      0.037051    0.086318    2.172145 ^ _4_/X (sky130_fd_sc_hd__or2_1)
     1    0.002337                                       _1_ (net)
                      0.037051    0.000010    2.172155 ^ _5_/A (sky130_fd_sc_hd__clkbuf_1)
                      0.045404    0.078827    2.250982 ^ _5_/X (sky130_fd_sc_hd__clkbuf_1)
     1    0.002925                                       net4 (net)
                      0.045404    0.000034    2.251016 ^ output4/A (sky130_fd_sc_hd__buf_2)
                      0.169119    0.197682    2.448699 ^ output4/X (sky130_fd_sc_hd__buf_2)
     1    0.034043                                       phase_map_out[1] (net)
                      0.169120    0.000223    2.448922 ^ phase_map_out[1] (out)
                                              2.448922   data arrival time

                      0.000000    0.000000    0.000000   clock __VIRTUAL_CLK__ (rise edge)
                                  0.000000    0.000000   clock network delay (ideal)
                                  0.250000    0.250000   clock uncertainty
                                  0.000000    0.250000   clock reconvergence pessimism
                                 -2.000000   -1.750000   output external delay
                                             -1.750000   data required time
---------------------------------------------------------------------------------------------
                                             -1.750000   data required time
                                             -2.448922   data arrival time
---------------------------------------------------------------------------------------------
                                              4.198921   slack (MET)
